2026-06-09T17:28:44Z INF Thank you for trying Cloudflare Tunnel. Doing so, without a Cloudflare account, is a quick way to experiment and try it out. However, be aware that these account-less Tunnels have no uptime guarantee, are subject to the Cloudflare Online Services Terms of Use (https://www.cloudflare.com/website-terms/), and Cloudflare reserves the right to investigate your use of Tunnels for violations of such terms. If you intend to use Tunnels in production you should use a pre-created named tunnel by following: https://developers.cloudflare.com/cloudflare-one/connections/connect-apps
2026-06-09T17:28:44Z INF Requesting new quick Tunnel on trycloudflare.com...
2026-06-09T17:28:47Z INF +--------------------------------------------------------------------------------------------+
2026-06-09T17:28:47Z INF |  Your quick Tunnel has been created! Visit it at (it may take some time to be reachable):  |
2026-06-09T17:28:47Z INF |  https://gold-raymond-scored-glossary.trycloudflare.com                                    |
2026-06-09T17:28:47Z INF +--------------------------------------------------------------------------------------------+
2026-06-09T17:28:47Z INF Cannot determine default configuration path. No file [config.yml config.yaml] in [~/.cloudflared ~/.cloudflare-warp ~/cloudflare-warp /etc/cloudflared /usr/local/etc/cloudflared]
2026-06-09T17:28:47Z INF Version 2026.6.0 (Checksum 08d27c4c5d3ed73ee3e98ef2ddceb4ad09fd4cfc28e243565a189538e8ccd706)
2026-06-09T17:28:47Z INF GOOS: linux, GOVersion: go1.26.4, GoArch: amd64
2026-06-09T17:28:47Z INF Settings: map[ha-connections:1 protocol:quic url:http://localhost:8000]
2026-06-09T17:28:47Z INF Autoupdate frequency is set autoupdateFreq=86400000
2026-06-09T17:28:47Z INF Generated Connector ID: fd3a941a-b462-44d1-9380-15ee1175e176
2026-06-09T17:28:47Z INF Initial protocol quic
2026-06-09T17:28:47Z INF ICMP proxy will use 10.193.38.77 as source for IPv4
2026-06-09T17:28:47Z INF ICMP proxy will use :: as source for IPv6
2026-06-09T17:28:47Z INF ICMP proxy will use 10.193.38.77 as source for IPv4
2026-06-09T17:28:47Z INF ICMP proxy will use :: as source for IPv6
2026-06-09T17:28:47Z INF Starting metrics server on 127.0.0.1:20242/metrics
2026/06/09 17:28:47 failed to sufficiently increase receive buffer size (was: 208 kiB, wanted: 7168 kiB, got: 416 kiB). See https://github.com/quic-go/quic-go/wiki/UDP-Buffer-Sizes for details.
2026-06-09T17:28:47Z INF Tunnel connection curve preferences: [X25519MLKEM768 CurveID(65074) CurveP256] connIndex=0 event=0 ip=198.41.192.167
2026-06-09T17:28:47Z INF +-------------------------------------------------------------------------------------+
2026-06-09T17:28:47Z INF |                               CONNECTIVITY PRE-CHECKS                               |
2026-06-09T17:28:47Z INF +-------------------------------------------------------------------------------------+
2026-06-09T17:28:47Z INF |  COMPONENT         TARGET                     STATUS  DETAILS                       |
2026-06-09T17:28:47Z INF |  DNS Resolution    region1.v2.argotunnel.com  PASS    DNS Resolved successfully     |
2026-06-09T17:28:47Z INF |  DNS Resolution    region2.v2.argotunnel.com  PASS    DNS Resolved successfully     |
2026-06-09T17:28:47Z INF |  UDP Connectivity  region1.v2.argotunnel.com  PASS    QUIC connection successful    |
2026-06-09T17:28:47Z INF |  UDP Connectivity  region2.v2.argotunnel.com  PASS    QUIC connection successful    |
2026-06-09T17:28:47Z INF |  TCP Connectivity  region1.v2.argotunnel.com  PASS    HTTP/2 connection successful  |
2026-06-09T17:28:47Z INF |  TCP Connectivity  region2.v2.argotunnel.com  PASS    HTTP/2 connection successful  |
2026-06-09T17:28:47Z INF |  Cloudflare API    api.cloudflare.com:443     PASS    API is reachable              |
2026-06-09T17:28:47Z INF |                                                                                     |
2026-06-09T17:28:47Z INF |  SUMMARY: Environment is healthy. cloudflared will use 'quic' as primary protocol.  |
2026-06-09T17:28:47Z INF +-------------------------------------------------------------------------------------+
2026-06-09T17:28:47Z INF precheck component="DNS Resolution" details="DNS Resolved successfully" run_id=ebfbe788-d3f8-4738-a9c9-85bcec9f6925 status=pass target=region1.v2.argotunnel.com
2026-06-09T17:28:47Z INF precheck component="DNS Resolution" details="DNS Resolved successfully" run_id=ebfbe788-d3f8-4738-a9c9-85bcec9f6925 status=pass target=region2.v2.argotunnel.com
2026-06-09T17:28:47Z INF precheck component="UDP Connectivity" details="QUIC connection successful" run_id=ebfbe788-d3f8-4738-a9c9-85bcec9f6925 status=pass target=region1.v2.argotunnel.com
2026-06-09T17:28:47Z INF precheck component="UDP Connectivity" details="QUIC connection successful" run_id=ebfbe788-d3f8-4738-a9c9-85bcec9f6925 status=pass target=region2.v2.argotunnel.com
2026-06-09T17:28:47Z INF precheck component="TCP Connectivity" details="HTTP/2 connection successful" run_id=ebfbe788-d3f8-4738-a9c9-85bcec9f6925 status=pass target=region1.v2.argotunnel.com
2026-06-09T17:28:47Z INF precheck component="TCP Connectivity" details="HTTP/2 connection successful" run_id=ebfbe788-d3f8-4738-a9c9-85bcec9f6925 status=pass target=region2.v2.argotunnel.com
2026-06-09T17:28:47Z INF precheck component="Cloudflare API" details="API is reachable" run_id=ebfbe788-d3f8-4738-a9c9-85bcec9f6925 status=pass target=api.cloudflare.com:443
2026-06-09T17:28:47Z INF precheck complete hard_fail=false run_id=ebfbe788-d3f8-4738-a9c9-85bcec9f6925 suggested_protocol=quic
2026-06-09T17:28:48Z INF Registered tunnel connection connIndex=0 connection=e8273e01-f010-444a-906a-dab1a3a2072d event=0 ip=198.41.192.167 location=ord16 protocol=quic
